Archive member included to satisfy reference by file (symbol)

/home/fontana/st/stm32cubeide_2.1.0_2/plugins/com.st.stm32cube.ide.mcu.externaltools.gnu-tools-for-stm32.14.3.rel1.linux64_1.0.100.202602081740/tools/bin/../lib/gcc/arm-none-eabi/14.3.1/../../../../arm-none-eabi/lib/thumb/v7e-m+fp/hard/libc_nano.a(libc_a-exit.o)
                              /home/fontana/st/stm32cubeide_2.1.0_2/plugins/com.st.stm32cube.ide.mcu.externaltools.gnu-tools-for-stm32.14.3.rel1.linux64_1.0.100.202602081740/tools/bin/../lib/gcc/arm-none-eabi/14.3.1/../../../../arm-none-eabi/lib/thumb/v7e-m+fp/hard/crt0.o (exit)
/home/fontana/st/stm32cubeide_2.1.0_2/plugins/com.st.stm32cube.ide.mcu.externaltools.gnu-tools-for-stm32.14.3.rel1.linux64_1.0.100.202602081740/tools/bin/../lib/gcc/arm-none-eabi/14.3.1/../../../../arm-none-eabi/lib/thumb/v7e-m+fp/hard/libc_nano.a(libc_a-findfp.o)
                              /home/fontana/st/stm32cubeide_2.1.0_2/plugins/com.st.stm32cube.ide.mcu.externaltools.gnu-tools-for-stm32.14.3.rel1.linux64_1.0.100.202602081740/tools/bin/../lib/gcc/arm-none-eabi/14.3.1/../../../../arm-none-eabi/lib/thumb/v7e-m+fp/hard/libc_nano.a(libc_a-exit.o) (__stdio_exit_handler)
/home/fontana/st/stm32cubeide_2.1.0_2/plugins/com.st.stm32cube.ide.mcu.externaltools.gnu-tools-for-stm32.14.3.rel1.linux64_1.0.100.202602081740/tools/bin/../lib/gcc/arm-none-eabi/14.3.1/../../../../arm-none-eabi/lib/thumb/v7e-m+fp/hard/libc_nano.a(libc_a-fwalk.o)
                              /home/fontana/st/stm32cubeide_2.1.0_2/plugins/com.st.stm32cube.ide.mcu.externaltools.gnu-tools-for-stm32.14.3.rel1.linux64_1.0.100.202602081740/tools/bin/../lib/gcc/arm-none-eabi/14.3.1/../../../../arm-none-eabi/lib/thumb/v7e-m+fp/hard/libc_nano.a(libc_a-findfp.o) (_fwalk_sglue)
/home/fontana/st/stm32cubeide_2.1.0_2/plugins/com.st.stm32cube.ide.mcu.externaltools.gnu-tools-for-stm32.14.3.rel1.linux64_1.0.100.202602081740/tools/bin/../lib/gcc/arm-none-eabi/14.3.1/../../../../arm-none-eabi/lib/thumb/v7e-m+fp/hard/libc_nano.a(libc_a-stdio.o)
                              /home/fontana/st/stm32cubeide_2.1.0_2/plugins/com.st.stm32cube.ide.mcu.externaltools.gnu-tools-for-stm32.14.3.rel1.linux64_1.0.100.202602081740/tools/bin/../lib/gcc/arm-none-eabi/14.3.1/../../../../arm-none-eabi/lib/thumb/v7e-m+fp/hard/libc_nano.a(libc_a-findfp.o) (__sread)
/home/fontana/st/stm32cubeide_2.1.0_2/plugins/com.st.stm32cube.ide.mcu.externaltools.gnu-tools-for-stm32.14.3.rel1.linux64_1.0.100.202602081740/tools/bin/../lib/gcc/arm-none-eabi/14.3.1/../../../../arm-none-eabi/lib/thumb/v7e-m+fp/hard/libc_nano.a(libc_a-memset.o)
                              /home/fontana/st/stm32cubeide_2.1.0_2/plugins/com.st.stm32cube.ide.mcu.externaltools.gnu-tools-for-stm32.14.3.rel1.linux64_1.0.100.202602081740/tools/bin/../lib/gcc/arm-none-eabi/14.3.1/../../../../arm-none-eabi/lib/thumb/v7e-m+fp/hard/crt0.o (memset)
/home/fontana/st/stm32cubeide_2.1.0_2/plugins/com.st.stm32cube.ide.mcu.externaltools.gnu-tools-for-stm32.14.3.rel1.linux64_1.0.100.202602081740/tools/bin/../lib/gcc/arm-none-eabi/14.3.1/../../../../arm-none-eabi/lib/thumb/v7e-m+fp/hard/libc_nano.a(libc_a-closer.o)
                              /home/fontana/st/stm32cubeide_2.1.0_2/plugins/com.st.stm32cube.ide.mcu.externaltools.gnu-tools-for-stm32.14.3.rel1.linux64_1.0.100.202602081740/tools/bin/../lib/gcc/arm-none-eabi/14.3.1/../../../../arm-none-eabi/lib/thumb/v7e-m+fp/hard/libc_nano.a(libc_a-stdio.o) (_close_r)
/home/fontana/st/stm32cubeide_2.1.0_2/plugins/com.st.stm32cube.ide.mcu.externaltools.gnu-tools-for-stm32.14.3.rel1.linux64_1.0.100.202602081740/tools/bin/../lib/gcc/arm-none-eabi/14.3.1/../../../../arm-none-eabi/lib/thumb/v7e-m+fp/hard/libc_nano.a(libc_a-reent.o)
                              /home/fontana/st/stm32cubeide_2.1.0_2/plugins/com.st.stm32cube.ide.mcu.externaltools.gnu-tools-for-stm32.14.3.rel1.linux64_1.0.100.202602081740/tools/bin/../lib/gcc/arm-none-eabi/14.3.1/../../../../arm-none-eabi/lib/thumb/v7e-m+fp/hard/libc_nano.a(libc_a-closer.o) (errno)
/home/fontana/st/stm32cubeide_2.1.0_2/plugins/com.st.stm32cube.ide.mcu.externaltools.gnu-tools-for-stm32.14.3.rel1.linux64_1.0.100.202602081740/tools/bin/../lib/gcc/arm-none-eabi/14.3.1/../../../../arm-none-eabi/lib/thumb/v7e-m+fp/hard/libc_nano.a(libc_a-impure.o)
                              /home/fontana/st/stm32cubeide_2.1.0_2/plugins/com.st.stm32cube.ide.mcu.externaltools.gnu-tools-for-stm32.14.3.rel1.linux64_1.0.100.202602081740/tools/bin/../lib/gcc/arm-none-eabi/14.3.1/../../../../arm-none-eabi/lib/thumb/v7e-m+fp/hard/libc_nano.a(libc_a-reent.o) (_impure_ptr)
/home/fontana/st/stm32cubeide_2.1.0_2/plugins/com.st.stm32cube.ide.mcu.externaltools.gnu-tools-for-stm32.14.3.rel1.linux64_1.0.100.202602081740/tools/bin/../lib/gcc/arm-none-eabi/14.3.1/../../../../arm-none-eabi/lib/thumb/v7e-m+fp/hard/libc_nano.a(libc_a-lseekr.o)
[...]
Memory Configuration

Name             Origin             Length             Attributes
RAM              0x20000000         0x00020000         xrw
FLASH            0x08000000         0x00080000         xr
*default*        0x00000000         0xffffffff

Linker script and memory map

LOAD /home/fontana/st/stm32cubeide_2.1.0_2/plugins/com.st.stm32cube.ide.mcu.externaltools.gnu-tools-for-stm32.14.3.rel1.linux64_1.0.100.202602081740/tools/bin/../lib/gcc/arm-none-eabi/14.3.1/thumb/v7e-m+fp/hard/crti.o
LOAD /home/fontana/st/stm32cubeide_2.1.0_2/plugins/com.st.stm32cube.ide.mcu.externaltools.gnu-tools-for-stm32.14.3.rel1.linux64_1.0.100.202602081740/tools/bin/../lib/gcc/arm-none-eabi/14.3.1/thumb/v7e-m+fp/hard/crtbegin.o
LOAD /home/fontana/st/stm32cubeide_2.1.0_2/plugins/com.st.stm32cube.ide.mcu.externaltools.gnu-tools-for-stm32.14.3.rel1.linux64_1.0.100.202602081740/tools/bin/../lib/gcc/arm-none-eabi/14.3.1/../../../../arm-none-eabi/lib/thumb/v7e-m+fp/hard/crt0.o
LOAD ./Application/User/Core/main.o
LOAD ./Application/User/Core/stm32f4xx_hal_msp.o
LOAD ./Application/User/Core/stm32f4xx_it.o
LOAD ./Application/User/Core/syscalls.o
LOAD ./Application/User/Core/sysmem.o
LOAD ./Application/User/Startup/startup_stm32f411ceux.o
LOAD ./Drivers/CMSIS/system_stm32f4xx.o
LOAD ./Drivers/STM32F4xx_HAL_Driver/stm32f4xx_hal.o
LOAD ./Drivers/STM32F4xx_HAL_Driver/stm32f4xx_hal_adc.o
LOAD ./Drivers/STM32F4xx_HAL_Driver/stm32f4xx_hal_adc_ex.o
LOAD ./Drivers/STM32F4xx_HAL_Driver/stm32f4xx_hal_cortex.o
LOAD ./Drivers/STM32F4xx_HAL_Driver/stm32f4xx_hal_dma.o
LOAD ./Drivers/STM32F4xx_HAL_Driver/stm32f4xx_hal_dma_ex.o
LOAD ./Drivers/STM32F4xx_HAL_Driver/stm32f4xx_hal_exti.o
LOAD ./Drivers/STM32F4xx_HAL_Driver/stm32f4xx_hal_flash.o
LOAD ./Drivers/STM32F4xx_HAL_Driver/stm32f4xx_hal_flash_ex.o
LOAD ./Drivers/STM32F4xx_HAL_Driver/stm32f4xx_hal_flash_ramfunc.o
LOAD ./Drivers/STM32F4xx_HAL_Driver/stm32f4xx_hal_gpio.o
LOAD ./Drivers/STM32F4xx_HAL_Driver/stm32f4xx_hal_pwr.o
LOAD ./Drivers/STM32F4xx_HAL_Driver/stm32f4xx_hal_pwr_ex.o
LOAD ./Drivers/STM32F4xx_HAL_Driver/stm32f4xx_hal_rcc.o
LOAD ./Drivers/STM32F4xx_HAL_Driver/stm32f4xx_hal_rcc_ex.o
LOAD ./Drivers/STM32F4xx_HAL_Driver/stm32f4xx_hal_rtc.o
LOAD ./Drivers/STM32F4xx_HAL_Driver/stm32f4xx_hal_rtc_ex.o
LOAD ./Drivers/STM32F4xx_HAL_Driver/stm32f4xx_hal_spi.o
START GROUP
LOAD /home/fontana/st/stm32cubeide_2.1.0_2/plugins/com.st.stm32cube.ide.mcu.externaltools.gnu-tools-for-stm32.14.3.rel1.linux64_1.0.100.202602081740/tools/bin/../lib/gcc/arm-none-eabi/14.3.1/../../../../arm-none-eabi/lib/thumb/v7e-m+fp/hard/libc_nano.a
LOAD /home/fontana/st/stm32cubeide_2.1.0_2/plugins/com.st.stm32cube.ide.mcu.externaltools.gnu-tools-for-stm32.14.3.rel1.linux64_1.0.100.202602081740/tools/bin/../lib/gcc/arm-none-eabi/14.3.1/../../../../arm-none-eabi/lib/thumb/v7e-m+fp/hard/libm.a
END GROUP
START GROUP
LOAD /home/fontana/st/stm32cubeide_2.1.0_2/plugins/com.st.stm32cube.ide.mcu.externaltools.gnu-tools-for-stm32.14.3.rel1.linux64_1.0.100.202602081740/tools/bin/../lib/gcc/arm-none-eabi/14.3.1/thumb/v7e-m+fp/hard/libgcc.a
LOAD /home/fontana/st/stm32cubeide_2.1.0_2/plugins/com.st.stm32cube.ide.mcu.externaltools.gnu-tools-for-stm32.14.3.rel1.linux64_1.0.100.202602081740/tools/bin/../lib/gcc/arm-none-eabi/14.3.1/../../../../arm-none-eabi/lib/thumb/v7e-m+fp/hard/libc_nano.a
END GROUP
START GROUP
LOAD /home/fontana/st/stm32cubeide_2.1.0_2/plugins/com.st.stm32cube.ide.mcu.externaltools.gnu-tools-for-stm32.14.3.rel1.linux64_1.0.100.202602081740/tools/bin/../lib/gcc/arm-none-eabi/14.3.1/thumb/v7e-m+fp/hard/libgcc.a
LOAD /home/fontana/st/stm32cubeide_2.1.0_2/plugins/com.st.stm32cube.ide.mcu.externaltools.gnu-tools-for-stm32.14.3.rel1.linux64_1.0.100.202602081740/tools/bin/../lib/gcc/arm-none-eabi/14.3.1/../../../../arm-none-eabi/lib/thumb/v7e-m+fp/hard/libc_nano.a
LOAD /home/fontana/st/stm32cubeide_2.1.0_2/plugins/com.st.stm32cube.ide.mcu.externaltools.gnu-tools-for-stm32.14.3.rel1.linux64_1.0.100.202602081740/tools/bin/../lib/gcc/arm-none-eabi/14.3.1/../../../../arm-none-eabi/lib/thumb/v7e-m+fp/hard/libnosys.a
END GROUP
START GROUP
LOAD /home/fontana/st/stm32cubeide_2.1.0_2/plugins/com.st.stm32cube.ide.mcu.externaltools.gnu-tools-for-stm32.14.3.rel1.linux64_1.0.100.202602081740/tools/bin/../lib/gcc/arm-none-eabi/14.3.1/thumb/v7e-m+fp/hard/libgcc.a
LOAD /home/fontana/st/stm32cubeide_2.1.0_2/plugins/com.st.stm32cube.ide.mcu.externaltools.gnu-tools-for-stm32.14.3.rel1.linux64_1.0.100.202602081740/tools/bin/../lib/gcc/arm-none-eabi/14.3.1/../../../../arm-none-eabi/lib/thumb/v7e-m+fp/hard/libc_nano.a
LOAD /home/fontana/st/stm32cubeide_2.1.0_2/plugins/com.st.stm32cube.ide.mcu.externaltools.gnu-tools-for-stm32.14.3.rel1.linux64_1.0.100.202602081740/tools/bin/../lib/gcc/arm-none-eabi/14.3.1/../../../../arm-none-eabi/lib/thumb/v7e-m+fp/hard/libnosys.a
END GROUP
LOAD /home/fontana/st/stm32cubeide_2.1.0_2/plugins/com.st.stm32cube.ide.mcu.externaltools.gnu-tools-for-stm32.14.3.rel1.linux64_1.0.100.202602081740/tools/bin/../lib/gcc/arm-none-eabi/14.3.1/thumb/v7e-m+fp/hard/crtend.o
LOAD /home/fontana/st/stm32cubeide_2.1.0_2/plugins/com.st.stm32cube.ide.mcu.externaltools.gnu-tools-for-stm32.14.3.rel1.linux64_1.0.100.202602081740/tools/bin/../lib/gcc/arm-none-eabi/14.3.1/thumb/v7e-m+fp/hard/crtn.o
                0x20020000                        _estack = (ORIGIN (RAM) + LENGTH (RAM))
                0x00000200                        _Min_Heap_Size = 0x200
                0x00000400                        _Min_Stack_Size = 0x400

.isr_vector     0x08000000      0x198
                0x08000000                        . = ALIGN (0x4)
 *(.isr_vector)
 .isr_vector    0x08000000      0x198 ./Application/User/Startup/startup_stm32f411ceux.o
                0x08000000                g_pfnVectors
                0x08000198                        . = ALIGN (0x4)

.text           0x08000198     0x24d8
                0x08000198                        . = ALIGN (0x4)
 *(.text)
 .text          0x08000198       0x40 /home/fontana/st/stm32cubeide_2.1.0_2/plugins/com.st.stm32cube.ide.mcu.externaltools.gnu-tools-for-stm32.14.3.rel1.linux64_1.0.100.202602081740/tools/bin/../lib/gcc/arm-none-eabi/14.3.1/thumb/v7e-m+fp/hard/crtbegin.o
 .text          0x080001d8       0x30 /home/fontana/st/stm32cubeide_2.1.0_2/plugins/com.st.stm32cube.ide.mcu.externaltools.gnu-tools-for-stm32.14.3.rel1.linux64_1.0.100.202602081740/tools/bin/../lib/gcc/arm-none-eabi/14.3.1/thumb/v7e-m+fp/hard/libgcc.a(_aeabi_uldivmod.o)
                0x080001d8                __aeabi_uldivmod
 .text          0x08000208      0x2f8 /home/fontana/st/stm32cubeide_2.1.0_2/plugins/com.st.stm32cube.ide.mcu.externaltools.gnu-tools-for-stm32.14.3.rel1.linux64_1.0.100.202602081740/tools/bin/../lib/gcc/arm-none-eabi/14.3.1/thumb/v7e-m+fp/hard/libgcc.a(_udivmoddi4.o)
                0x08000208                __udivmoddi4
 .text          0x08000500        0x4 /home/fontana/st/stm32cubeide_2.1.0_2/plugins/com.st.stm32cube.ide.mcu.externaltools.gnu-tools-for-stm32.14.3.rel1.linux64_1.0.100.202602081740/tools/bin/../lib/gcc/arm-none-eabi/14.3.1/thumb/v7e-m+fp/hard/libgcc.a(_dvmd_tls.o)
                0x08000500                __aeabi_ldiv0
                0x08000500                __aeabi_idiv0
 *(.text*)
 .text.main     0x08000504       0x4c ./Application/User/Core/main.o
                0x08000504                main
 .text.SystemClock_Config
                0x08000550       0xd4 ./Application/User/Core/main.o
                0x08000550                SystemClock_Config
 .text.MX_ADC1_Init
                0x08000624       0xa4 ./Application/User/Core/main.o
 .text.MX_RTC_Init
                0x080006c8       0xb4 ./Application/User/Core/main.o
 .text.MX_SPI1_Init
                0x0800077c       0x6c ./Application/User/Core/main.o
 .text.MX_GPIO_Init
                0x080007e8       0xa4 ./Application/User/Core/main.o
 .text.Error_Handler
                0x0800088c        0xc ./Application/User/Core/main.o
                0x0800088c                Error_Handler
 .text.HAL_MspInit
                0x08000898       0x50 ./Application/User/Core/stm32f4xx_hal_msp.o
                0x08000898                HAL_MspInit
 .text.HAL_ADC_MspInit
                0x080008e8       0x88 ./Application/User/Core/stm32f4xx_hal_msp.o
                0x080008e8                HAL_ADC_MspInit
 .text.HAL_RTC_MspInit
                0x08000970       0x58 ./Application/User/Core/stm32f4xx_hal_msp.o
                0x08000970                HAL_RTC_MspInit
 .text.HAL_SPI_MspInit
                0x080009c8       0x90 ./Application/User/Core/stm32f4xx_hal_msp.o
                0x080009c8                HAL_SPI_MspInit
 .text.NMI_Handler
                0x08000a58        0x8 ./Application/User/Core/stm32f4xx_it.o
                0x08000a58                NMI_Handler
 .text.HardFault_Handler
                0x08000a60        0x8 ./Application/User/Core/stm32f4xx_it.o
                0x08000a60                HardFault_Handler
 .text.MemManage_Handler
                0x08000a68        0x8 ./Application/User/Core/stm32f4xx_it.o
                0x08000a68                MemManage_Handler
 .text.BusFault_Handler
                0x08000a70        0x8 ./Application/User/Core/stm32f4xx_it.o
                0x08000a70                BusFault_Handler
 .text.UsageFault_Handler
                0x08000a78        0x8 ./Application/User/Core/stm32f4xx_it.o
                0x08000a78                UsageFault_Handler
 .text.SVC_Handler
                0x08000a80        0xe ./Application/User/Core/stm32f4xx_it.o
                0x08000a80                SVC_Handler
 .text.DebugMon_Handler
                0x08000a8e        0xe ./Application/User/Core/stm32f4xx_it.o
                0x08000a8e                DebugMon_Handler
 .text.PendSV_Handler
                0x08000a9c        0xe ./Application/User/Core/stm32f4xx_it.o
                0x08000a9c                PendSV_Handler
 .text.SysTick_Handler
                0x08000aaa        0xc ./Application/User/Core/stm32f4xx_it.o
                0x08000aaa                SysTick_Handler
 *fill*         0x08000ab6        0x2 
 .text.Reset_Handler
                0x08000ab8       0x50 ./Application/User/Startup/startup_stm32f411ceux.o
                0x08000ab8                Reset_Handler
 .text.Default_Handler
                0x08000b08        0x2 ./Application/User/Startup/startup_stm32f411ceux.o
                0x08000b08                RTC_Alarm_IRQHandler
                0x08000b08                EXTI2_IRQHandler
                0x08000b08                SPI4_IRQHandler
                0x08000b08                TIM1_CC_IRQHandler
                0x08000b08                DMA2_Stream5_IRQHandler
                0x08000b08                DMA1_Stream5_IRQHandler
                0x08000b08                PVD_IRQHandler
                0x08000b08                SDIO_IRQHandler
                0x08000b08                TAMP_STAMP_IRQHandler
                0x08000b08                EXTI3_IRQHandler
                0x08000b08                TIM1_UP_TIM10_IRQHandler
                0x08000b08                I2C3_ER_IRQHandler
                0x08000b08                EXTI0_IRQHandler
                0x08000b08                I2C2_EV_IRQHandler
                0x08000b08                DMA1_Stream2_IRQHandler
                0x08000b08                FPU_IRQHandler
                0x08000b08                DMA2_Stream2_IRQHandler
                0x08000b08                SPI1_IRQHandler
                0x08000b08                TIM1_BRK_TIM9_IRQHandler
                0x08000b08                DMA2_Stream3_IRQHandler
                0x08000b08                USART6_IRQHandler
                0x08000b08                DMA2_Stream0_IRQHandler
                0x08000b08                TIM4_IRQHandler
                0x08000b08                I2C1_EV_IRQHandler
                0x08000b08                DMA1_Stream6_IRQHandler
                0x08000b08                DMA1_Stream1_IRQHandler
                0x08000b08                TIM3_IRQHandler
                0x08000b08                RCC_IRQHandler
                0x08000b08                Default_Handler
                0x08000b08                EXTI15_10_IRQHandler
                0x08000b08                ADC_IRQHandler
                0x08000b08                DMA1_Stream7_IRQHandler
                0x08000b08                SPI5_IRQHandler
                0x08000b08                TIM5_IRQHandler
                0x08000b08                DMA2_Stream7_IRQHandler
                0x08000b08                I2C3_EV_IRQHandler
                0x08000b08                EXTI9_5_IRQHandler
                0x08000b08                RTC_WKUP_IRQHandler
                0x08000b08                SPI2_IRQHandler
                0x08000b08                DMA1_Stream0_IRQHandler
                0x08000b08                EXTI4_IRQHandler
                0x08000b08                WWDG_IRQHandler
                0x08000b08                TIM2_IRQHandler
                0x08000b08                OTG_FS_WKUP_IRQHandler
                0x08000b08                TIM1_TRG_COM_TIM11_IRQHandler
                0x08000b08                EXTI1_IRQHandler
                0x08000b08                USART2_IRQHandler
                0x08000b08                I2C2_ER_IRQHandler
                0x08000b08                DMA2_Stream1_IRQHandler
                0x08000b08                FLASH_IRQHandler
                0x08000b08                DMA2_Stream4_IRQHandler
                0x08000b08                USART1_IRQHandler
                0x08000b08                OTG_FS_IRQHandler
                0x08000b08                SPI3_IRQHandler
                0x08000b08                DMA1_Stream4_IRQHandler
                0x08000b08                I2C1_ER_IRQHandler
                0x08000b08                DMA2_Stream6_IRQHandler
                0x08000b08                DMA1_Stream3_IRQHandler
 *fill*         0x08000b0a        0x2 
 .text.SystemInit
                0x08000b0c       0x24 ./Drivers/CMSIS/system_stm32f4xx.o
                0x08000b0c                SystemInit
 .text.HAL_Init
                0x08000b30       0x44 ./Drivers/STM32F4xx_HAL_Driver/stm32f4xx_hal.o
                0x08000b30                HAL_Init
 .text.HAL_InitTick
                0x08000b74       0x60 ./Drivers/STM32F4xx_HAL_Driver/stm32f4xx_hal.o
                0x08000b74                HAL_InitTick
 .text.HAL_IncTick
                0x08000bd4       0x28 ./Drivers/STM32F4xx_HAL_Driver/stm32f4xx_hal.o
                0x08000bd4                HAL_IncTick
 .text.HAL_GetTick
                0x08000bfc       0x18 ./Drivers/STM32F4xx_HAL_Driver/stm32f4xx_hal.o
                0x08000bfc                HAL_GetTick
 .text.HAL_Delay
                0x08000c14       0x48 ./Drivers/STM32F4xx_HAL_Driver/stm32f4xx_hal.o
                0x08000c14                HAL_Delay
 .text.HAL_ADC_Init
                0x08000c5c       0x86 ./Drivers/STM32F4xx_HAL_Driver/stm32f4xx_hal_adc.o
                0x08000c5c                HAL_ADC_Init
 *fill*         0x08000ce2        0x2 
 .text.HAL_ADC_ConfigChannel
                0x08000ce4      0x264 ./Drivers/STM32F4xx_HAL_Driver/stm32f4xx_hal_adc.o
                0x08000ce4                HAL_ADC_ConfigChannel
 .text.ADC_Init
                0x08000f48      0x1f8 ./Drivers/STM32F4xx_HAL_Driver/stm32f4xx_hal_adc.o
 .text.__NVIC_SetPriorityGrouping
                0x08001140       0x48 ./Drivers/STM32F4xx_HAL_Driver/stm32f4xx_hal_cortex.o
 .text.__NVIC_GetPriorityGrouping
                0x08001188       0x1c ./Drivers/STM32F4xx_HAL_Driver/stm32f4xx_hal_cortex.o
 .text.__NVIC_SetPriority
                0x080011a4       0x54 ./Drivers/STM32F4xx_HAL_Driver/stm32f4xx_hal_cortex.o
 .text.NVIC_EncodePriority
                0x080011f8       0x66 ./Drivers/STM32F4xx_HAL_Driver/stm32f4xx_hal_cortex.o
 *fill*         0x0800125e        0x2 
 .text.SysTick_Config
                0x08001260       0x44 ./Drivers/STM32F4xx_HAL_Driver/stm32f4xx_hal_cortex.o
 .text.HAL_NVIC_SetPriorityGrouping
                0x080012a4       0x16 ./Drivers/STM32F4xx_HAL_Driver/stm32f4xx_hal_cortex.o
                0x080012a4                HAL_NVIC_SetPriorityGrouping
 .text.HAL_NVIC_SetPriority
                0x080012ba       0x38 ./Drivers/STM32F4xx_HAL_Driver/stm32f4xx_hal_cortex.o
                0x080012ba                HAL_NVIC_SetPriority
 .text.HAL_SYSTICK_Config
                0x080012f2       0x18 ./Drivers/STM32F4xx_HAL_Driver/stm32f4xx_hal_cortex.o
                0x080012f2                HAL_SYSTICK_Config
 *fill*         0x0800130a        0x2 
 .text.HAL_GPIO_Init
                0x0800130c      0x308 ./Drivers/STM32F4xx_HAL_Driver/stm32f4xx_hal_gpio.o
                0x0800130c                HAL_GPIO_Init
 .text.HAL_GPIO_WritePin
                0x08001614       0x32 ./Drivers/STM32F4xx_HAL_Driver/stm32f4xx_hal_gpio.o
                0x08001614                HAL_GPIO_WritePin
 *fill*         0x08001646        0x2 
 .text.HAL_RCC_OscConfig
                0x08001648      0x4f0 ./Drivers/STM32F4xx_HAL_Driver/stm32f4xx_hal_rcc.o
                0x08001648                HAL_RCC_OscConfig
 .text.HAL_RCC_ClockConfig
                0x08001b38      0x1cc ./Drivers/STM32F4xx_HAL_Driver/stm32f4xx_hal_rcc.o
                0x08001b38                HAL_RCC_ClockConfig
 .text.HAL_RCC_GetSysClockFreq
                0x08001d04      0x188 ./Drivers/STM32F4xx_HAL_Driver/stm32f4xx_hal_rcc.o
                0x08001d04                HAL_RCC_GetSysClockFreq
 .text.HAL_RCCEx_PeriphCLKConfig
                0x08001e8c      0x1e0 ./Drivers/STM32F4xx_HAL_Driver/stm32f4xx_hal_rcc_ex.o
                0x08001e8c                HAL_RCCEx_PeriphCLKConfig
 .text.HAL_RTC_Init
                0x0800206c      0x102 ./Drivers/STM32F4xx_HAL_Driver/stm32f4xx_hal_rtc.o
                0x0800206c                HAL_RTC_Init
 .text.HAL_RTC_SetTime
                0x0800216e      0x134 ./Drivers/STM32F4xx_HAL_Driver/stm32f4xx_hal_rtc.o
                0x0800216e                HAL_RTC_SetTime
 .text.HAL_RTC_SetDate
                0x080022a2      0x108 ./Drivers/STM32F4xx_HAL_Driver/stm32f4xx_hal_rtc.o
                0x080022a2                HAL_RTC_SetDate
 *fill*         0x080023aa        0x2 
 .text.HAL_RTC_WaitForSynchro
                0x080023ac       0x4c ./Drivers/STM32F4xx_HAL_Driver/stm32f4xx_hal_rtc.o
                0x080023ac                HAL_RTC_WaitForSynchro
 .text.RTC_EnterInitMode
                0x080023f8       0x6e ./Drivers/STM32F4xx_HAL_Driver/stm32f4xx_hal_rtc.o
                0x080023f8                RTC_EnterInitMode
 .text.RTC_ExitInitMode
                0x08002466       0x4a ./Drivers/STM32F4xx_HAL_Driver/stm32f4xx_hal_rtc.o
                0x08002466                RTC_ExitInitMode
 .text.RTC_ByteToBcd2
                0x080024b0       0x3c ./Drivers/STM32F4xx_HAL_Driver/stm32f4xx_hal_rtc.o
                0x080024b0                RTC_ByteToBcd2
 .text.HAL_SPI_Init
                0x080024ec      0x112 ./Drivers/STM32F4xx_HAL_Driver/stm32f4xx_hal_spi.o
                0x080024ec                HAL_SPI_Init
 .text.memset   0x080025fe       0x10 /home/fontana/st/stm32cubeide_2.1.0_2/plugins/com.st.stm32cube.ide.mcu.externaltools.gnu-tools-for-stm32.14.3.rel1.linux64_1.0.100.202602081740/tools/bin/../lib/gcc/arm-none-eabi/14.3.1/../../../../arm-none-eabi/lib/thumb/v7e-m+fp/hard/libc_nano.a(libc_a-memset.o)
                0x080025fe                memset
 *fill*         0x0800260e        0x2 
 .text.__libc_init_array
                0x08002610       0x48 /home/fontana/st/stm32cubeide_2.1.0_2/plugins/com.st.stm32cube.ide.mcu.externaltools.gnu-tools-for-stm32.14.3.rel1.linux64_1.0.100.202602081740/tools/bin/../lib/gcc/arm-none-eabi/14.3.1/../../../../arm-none-eabi/lib/thumb/v7e-m+fp/hard/libc_nano.a(libc_a-init.o)
                0x08002610                __libc_init_array
 *(.glue_7)
 .glue_7        0x08002658        0x0 linker stubs
 *(.glue_7t)
 .glue_7t       0x08002658        0x0 linker stubs
 *(.eh_frame)
 .eh_frame      0x08002658        0x0 /home/fontana/st/stm32cubeide_2.1.0_2/plugins/com.st.stm32cube.ide.mcu.externaltools.gnu-tools-for-stm32.14.3.rel1.linux64_1.0.100.202602081740/tools/bin/../lib/gcc/arm-none-eabi/14.3.1/thumb/v7e-m+fp/hard/crtbegin.o
 *(.init)
 .init          0x08002658        0x4 /home/fontana/st/stm32cubeide_2.1.0_2/plugins/com.st.stm32cube.ide.mcu.externaltools.gnu-tools-for-stm32.14.3.rel1.linux64_1.0.100.202602081740/tools/bin/../lib/gcc/arm-none-eabi/14.3.1/thumb/v7e-m+fp/hard/crti.o
                0x08002658                _init
 .init          0x0800265c        0x8 /home/fontana/st/stm32cubeide_2.1.0_2/plugins/com.st.stm32cube.ide.mcu.externaltools.gnu-tools-for-stm32.14.3.rel1.linux64_1.0.100.202602081740/tools/bin/../lib/gcc/arm-none-eabi/14.3.1/thumb/v7e-m+fp/hard/crtn.o
 *(.fini)
 .fini          0x08002664        0x4 /home/fontana/st/stm32cubeide_2.1.0_2/plugins/com.st.stm32cube.ide.mcu.externaltools.gnu-tools-for-stm32.14.3.rel1.linux64_1.0.100.202602081740/tools/bin/../lib/gcc/arm-none-eabi/14.3.1/thumb/v7e-m+fp/hard/crti.o
                0x08002664                _fini
 .fini          0x08002668        0x8 /home/fontana/st/stm32cubeide_2.1.0_2/plugins/com.st.stm32cube.ide.mcu.externaltools.gnu-tools-for-stm32.14.3.rel1.linux64_1.0.100.202602081740/tools/bin/../lib/gcc/arm-none-eabi/14.3.1/thumb/v7e-m+fp/hard/crtn.o
                0x08002670                        . = ALIGN (0x4)
                0x08002670                        _etext = .

.vfp11_veneer   0x08002670        0x0
 .vfp11_veneer  0x08002670        0x0 linker stubs

.v4_bx          0x08002670        0x0
 .v4_bx         0x08002670        0x0 linker stubs

.iplt           0x08002670        0x0
 .iplt          0x08002670        0x0 /home/fontana/st/stm32cubeide_2.1.0_2/plugins/com.st.stm32cube.ide.mcu.externaltools.gnu-tools-for-stm32.14.3.rel1.linux64_1.0.100.202602081740/tools/bin/../lib/gcc/arm-none-eabi/14.3.1/thumb/v7e-m+fp/hard/crtbegin.o

.rodata         0x08002670       0x10
                0x08002670                        . = ALIGN (0x4)
 *(.rodata)
 *(.rodata*)
 .rodata.AHBPrescTable
                0x08002670       0x10 ./Drivers/CMSIS/system_stm32f4xx.o
                0x08002670                AHBPrescTable
                0x08002680                        . = ALIGN (0x4)

.ARM.extab      0x08002680        0x0
                0x08002680                        . = ALIGN (0x4)
 *(.ARM.extab* .gnu.linkonce.armextab.*)
                0x08002680                        . = ALIGN (0x4)

.ARM            0x08002680        0x8
                0x08002680                        . = ALIGN (0x4)
                0x08002680                        __exidx_start = .
 *(.ARM.exidx*)
 .ARM.exidx     0x08002680        0x8 /home/fontana/st/stm32cubeide_2.1.0_2/plugins/com.st.stm32cube.ide.mcu.externaltools.gnu-tools-for-stm32.14.3.rel1.linux64_1.0.100.202602081740/tools/bin/../lib/gcc/arm-none-eabi/14.3.1/thumb/v7e-m+fp/hard/libgcc.a(_udivmoddi4.o)
                0x08002688                        __exidx_end = .
                0x08002688                        . = ALIGN (0x4)

.preinit_array  0x08002688        0x0
                0x08002688                        . = ALIGN (0x4)
                0x08002688                        PROVIDE (__preinit_array_start = .)
 *(.preinit_array*)
                0x08002688                        PROVIDE (__preinit_array_end = .)
                0x08002688                        . = ALIGN (0x4)

.init_array     0x08002688        0x4
                0x08002688                        . = ALIGN (0x4)
                0x08002688                        PROVIDE (__init_array_start = .)
 *(SORT_BY_NAME(.init_array.*))
 *(.init_array*)
 .init_array    0x08002688        0x4 /home/fontana/st/stm32cubeide_2.1.0_2/plugins/com.st.stm32cube.ide.mcu.externaltools.gnu-tools-for-stm32.14.3.rel1.linux64_1.0.100.202602081740/tools/bin/../lib/gcc/arm-none-eabi/14.3.1/thumb/v7e-m+fp/hard/crtbegin.o
                0x0800268c                        PROVIDE (__init_array_end = .)
                0x0800268c                        . = ALIGN (0x4)

.fini_array     0x0800268c        0x4
                0x0800268c                        . = ALIGN (0x4)
                [!provide]                        PROVIDE (__fini_array_start = .)
 *(SORT_BY_NAME(.fini_array.*))
 *(.fini_array*)
 .fini_array    0x0800268c        0x4 /home/fontana/st/stm32cubeide_2.1.0_2/plugins/com.st.stm32cube.ide.mcu.externaltools.gnu-tools-for-stm32.14.3.rel1.linux64_1.0.100.202602081740/tools/bin/../lib/gcc/arm-none-eabi/14.3.1/thumb/v7e-m+fp/hard/crtbegin.o
                [!provide]                        PROVIDE (__fini_array_end = .)
                0x08002690                        . = ALIGN (0x4)
                0x08002690                        _sidata = LOADADDR (.data)

.rel.dyn        0x08002690        0x0
 .rel.iplt      0x08002690        0x0 /home/fontana/st/stm32cubeide_2.1.0_2/plugins/com.st.stm32cube.ide.mcu.externaltools.gnu-tools-for-stm32.14.3.rel1.linux64_1.0.100.202602081740/tools/bin/../lib/gcc/arm-none-eabi/14.3.1/thumb/v7e-m+fp/hard/crtbegin.o

.data           0x20000000        0xc load address 0x08002690
                0x20000000                        . = ALIGN (0x4)
                0x20000000                        _sdata = .
 *(.data)
 *(.data*)
 .data.SystemCoreClock
                0x20000000        0x4 ./Drivers/CMSIS/system_stm32f4xx.o
                0x20000000                SystemCoreClock
 .data.uwTickPrio
                0x20000004        0x4 ./Drivers/STM32F4xx_HAL_Driver/stm32f4xx_hal.o
                0x20000004                uwTickPrio
 .data.uwTickFreq
                0x20000008        0x1 ./Drivers/STM32F4xx_HAL_Driver/stm32f4xx_hal.o
                0x20000008                uwTickFreq
 *(.RamFunc)
 *(.RamFunc*)
                0x2000000c                        . = ALIGN (0x4)
 *fill*         0x20000009        0x3 
                0x2000000c                        _edata = .

.igot.plt       0x2000000c        0x0 load address 0x0800269c
 .igot.plt      0x2000000c        0x0 /home/fontana/st/stm32cubeide_2.1.0_2/plugins/com.st.stm32cube.ide.mcu.externaltools.gnu-tools-for-stm32.14.3.rel1.linux64_1.0.100.202602081740/tools/bin/../lib/gcc/arm-none-eabi/14.3.1/thumb/v7e-m+fp/hard/crtbegin.o
                0x2000000c                        . = ALIGN (0x4)

.bss            0x2000000c       0xe0 load address 0x0800269c
                0x2000000c                        _sbss = .
                0x2000000c                        __bss_start__ = _sbss
 *(.bss)
 .bss           0x2000000c       0x1c /home/fontana/st/stm32cubeide_2.1.0_2/plugins/com.st.stm32cube.ide.mcu.externaltools.gnu-tools-for-stm32.14.3.rel1.linux64_1.0.100.202602081740/tools/bin/../lib/gcc/arm-none-eabi/14.3.1/thumb/v7e-m+fp/hard/crtbegin.o
 *(.bss*)
 .bss.hadc1     0x20000028       0x48 ./Application/User/Core/main.o
                0x20000028                hadc1
 .bss.hrtc      0x20000070       0x20 ./Application/User/Core/main.o
                0x20000070                hrtc
 .bss.hspi1     0x20000090       0x58 ./Application/User/Core/main.o
                0x20000090                hspi1
 .bss.uwTick    0x200000e8        0x4 ./Drivers/STM32F4xx_HAL_Driver/stm32f4xx_hal.o
                0x200000e8                uwTick
 *(COMMON)
                0x200000ec                        . = ALIGN (0x4)
                0x200000ec                        _ebss = .
                0x200000ec                        __bss_end__ = _ebss

._user_heap_stack
                0x200000ec      0x604 load address 0x0800269c
                0x200000f0                        . = ALIGN (0x8)
 *fill*         0x200000ec        0x4 
                [!provide]                        PROVIDE (end = .)
                0x200000f0                        PROVIDE (_end = .)
                0x200002f0                        . = (. + _Min_Heap_Size)
 *fill*         0x200000f0      0x200 
                0x200006f0                        . = (. + _Min_Stack_Size)
 *fill*         0x200002f0      0x400 
                0x200006f0                        . = ALIGN (0x8)

/DISCARD/
 libc.a(*)
 libm.a(*)
 libgcc.a(*)

.ARM.attributes
                0x00000000       0x30
 *(.ARM.attributes)
 .ARM.attributes
                0x00000000       0x22 /home/fontana/st/stm32cubeide_2.1.0_2/plugins/com.st.stm32cube.ide.mcu.externaltools.gnu-tools-for-stm32.14.3.rel1.linux64_1.0.100.202602081740/tools/bin/../lib/gcc/arm-none-eabi/14.3.1/thumb/v7e-m+fp/hard/crti.o
 .ARM.attributes
                0x00000022       0x34 /home/fontana/st/stm32cubeide_2.1.0_2/plugins/com.st.stm32cube.ide.mcu.externaltools.gnu-tools-for-stm32.14.3.rel1.linux64_1.0.100.202602081740/tools/bin/../lib/gcc/arm-none-eabi/14.3.1/thumb/v7e-m+fp/hard/crtbegin.o
 .ARM.attributes
                0x00000056       0x34 ./Application/User/Core/main.o
 .ARM.attributes
                0x0000008a       0x34 ./Application/User/Core/stm32f4xx_hal_msp.o
 .ARM.attributes
                0x000000be       0x34 ./Application/User/Core/stm32f4xx_it.o
 .ARM.attributes
                0x000000f2       0x21 ./Application/User/Startup/startup_stm32f411ceux.o
 .ARM.attributes
                0x00000113       0x34 ./Drivers/CMSIS/system_stm32f4xx.o
 .ARM.attributes
                0x00000147       0x34 ./Drivers/STM32F4xx_HAL_Driver/stm32f4xx_hal.o
 .ARM.attributes
                0x0000017b       0x34 ./Drivers/STM32F4xx_HAL_Driver/stm32f4xx_hal_adc.o
 .ARM.attributes
                0x000001af       0x34 ./Drivers/STM32F4xx_HAL_Driver/stm32f4xx_hal_cortex.o
 .ARM.attributes
                0x000001e3       0x34 ./Drivers/STM32F4xx_HAL_Driver/stm32f4xx_hal_gpio.o
 .ARM.attributes
                0x00000217       0x34 ./Drivers/STM32F4xx_HAL_Driver/stm32f4xx_hal_rcc.o
 .ARM.attributes
                0x0000024b       0x34 ./Drivers/STM32F4xx_HAL_Driver/stm32f4xx_hal_rcc_ex.o
 .ARM.attributes
                0x0000027f       0x34 ./Drivers/STM32F4xx_HAL_Driver/stm32f4xx_hal_rtc.o
 .ARM.attributes
                0x000002b3       0x34 ./Drivers/STM32F4xx_HAL_Driver/stm32f4xx_hal_spi.o
 .ARM.attributes
                0x000002e7       0x34 /home/fontana/st/stm32cubeide_2.1.0_2/plugins/com.st.stm32cube.ide.mcu.externaltools.gnu-tools-for-stm32.14.3.rel1.linux64_1.0.100.202602081740/tools/bin/../lib/gcc/arm-none-eabi/14.3.1/../../../../arm-none-eabi/lib/thumb/v7e-m+fp/hard/libc_nano.a(libc_a-memset.o)
 .ARM.attributes
                0x0000031b       0x34 /home/fontana/st/stm32cubeide_2.1.0_2/plugins/com.st.stm32cube.ide.mcu.externaltools.gnu-tools-for-stm32.14.3.rel1.linux64_1.0.100.202602081740/tools/bin/../lib/gcc/arm-none-eabi/14.3.1/../../../../arm-none-eabi/lib/thumb/v7e-m+fp/hard/libc_nano.a(libc_a-init.o)
 .ARM.attributes
                0x0000034f       0x22 /home/fontana/st/stm32cubeide_2.1.0_2/plugins/com.st.stm32cube.ide.mcu.externaltools.gnu-tools-for-stm32.14.3.rel1.linux64_1.0.100.202602081740/tools/bin/../lib/gcc/arm-none-eabi/14.3.1/thumb/v7e-m+fp/hard/libgcc.a(_aeabi_uldivmod.o)
 .ARM.attributes
                0x00000371       0x34 /home/fontana/st/stm32cubeide_2.1.0_2/plugins/com.st.stm32cube.ide.mcu.externaltools.gnu-tools-for-stm32.14.3.rel1.linux64_1.0.100.202602081740/tools/bin/../lib/gcc/arm-none-eabi/14.3.1/thumb/v7e-m+fp/hard/libgcc.a(_udivmoddi4.o)
 .ARM.attributes
                0x000003a5       0x22 /home/fontana/st/stm32cubeide_2.1.0_2/plugins/com.st.stm32cube.ide.mcu.externaltools.gnu-tools-for-stm32.14.3.rel1.linux64_1.0.100.202602081740/tools/bin/../lib/gcc/arm-none-eabi/14.3.1/thumb/v7e-m+fp/hard/libgcc.a(_dvmd_tls.o)
 .ARM.attributes
                0x000003c7       0x22 /home/fontana/st/stm32cubeide_2.1.0_2/plugins/com.st.stm32cube.ide.mcu.externaltools.gnu-tools-for-stm32.14.3.rel1.linux64_1.0.100.202602081740/tools/bin/../lib/gcc/arm-none-eabi/14.3.1/thumb/v7e-m+fp/hard/crtn.o
OUTPUT(arca.elf elf32-littlearm)
LOAD linker stubs
LOAD /home/fontana/st/stm32cubeide_2.1.0_2/plugins/com.st.stm32cube.ide.mcu.externaltools.gnu-tools-for-stm32.14.3.rel1.linux64_1.0.100.202602081740/tools/bin/../lib/gcc/arm-none-eabi/14.3.1/../../../../arm-none-eabi/lib/thumb/v7e-m+fp/hard/libc.a
LOAD /home/fontana/st/stm32cubeide_2.1.0_2/plugins/com.st.stm32cube.ide.mcu.externaltools.gnu-tools-for-stm32.14.3.rel1.linux64_1.0.100.202602081740/tools/bin/../lib/gcc/arm-none-eabi/14.3.1/../../../../arm-none-eabi/lib/thumb/v7e-m+fp/hard/libm.a
LOAD /home/fontana/st/stm32cubeide_2.1.0_2/plugins/com.st.stm32cube.ide.mcu.externaltools.gnu-tools-for-stm32.14.3.rel1.linux64_1.0.100.202602081740/tools/bin/../lib/gcc/arm-none-eabi/14.3.1/thumb/v7e-m+fp/hard/libgcc.a

.debug_info     0x00000000     0x84c3
 .debug_info    0x00000000     0x13a2 ./Application/User/Core/main.o
 .debug_info    0x000013a2     0x10f0 ./Application/User/Core/stm32f4xx_hal_msp.o
 .debug_info    0x00002492      0x112 ./Application/User/Core/stm32f4xx_it.o
 .debug_info    0x000025a4       0x30 ./Application/User/Startup/startup_stm32f411ceux.o
 .debug_info    0x000025d4      0x53e ./Drivers/CMSIS/system_stm32f4xx.o
 .debug_info    0x00002b12      0x8c4 ./Drivers/STM32F4xx_HAL_Driver/stm32f4xx_hal.o
 .debug_info    0x000033d6      0xce0 ./Drivers/STM32F4xx_HAL_Driver/stm32f4xx_hal_adc.o
 .debug_info    0x000040b6      0xcfc ./Drivers/STM32F4xx_HAL_Driver/stm32f4xx_hal_cortex.o
 .debug_info    0x00004db2      0x6f9 ./Drivers/STM32F4xx_HAL_Driver/stm32f4xx_hal_gpio.o
 .debug_info    0x000054ab      0x904 ./Drivers/STM32F4xx_HAL_Driver/stm32f4xx_hal_rcc.o
 .debug_info    0x00005daf      0x5a1 ./Drivers/STM32F4xx_HAL_Driver/stm32f4xx_hal_rcc_ex.o
 .debug_info    0x00006350      0xc43 ./Drivers/STM32F4xx_HAL_Driver/stm32f4xx_hal_rtc.o
 .debug_info    0x00006f93     0x1530 ./Drivers/STM32F4xx_HAL_Driver/stm32f4xx_hal_spi.o

.debug_abbrev   0x00000000     0x1822
 .debug_abbrev  0x00000000      0x273 ./Application/User/Core/main.o
 .debug_abbrev  0x00000273      0x1ed ./Application/User/Core/stm32f4xx_hal_msp.o
 .debug_abbrev  0x00000460       0x73 ./Application/User/Core/stm32f4xx_it.o
 .debug_abbrev  0x000004d3       0x24 ./Application/User/Startup/startup_stm32f411ceux.o
 .debug_abbrev  0x000004f7      0x11a ./Drivers/CMSIS/system_stm32f4xx.o
 .debug_abbrev  0x00000611      0x24b ./Drivers/STM32F4xx_HAL_Driver/stm32f4xx_hal.o
 .debug_abbrev  0x0000085c      0x20e ./Drivers/STM32F4xx_HAL_Driver/stm32f4xx_hal_adc.o
 .debug_abbrev  0x00000a6a      0x31d ./Drivers/STM32F4xx_HAL_Driver/stm32f4xx_hal_cortex.o
 .debug_abbrev  0x00000d87      0x1d3 ./Drivers/STM32F4xx_HAL_Driver/stm32f4xx_hal_gpio.o
 .debug_abbrev  0x00000f5a      0x2b6 ./Drivers/STM32F4xx_HAL_Driver/stm32f4xx_hal_rcc.o
 .debug_abbrev  0x00001210      0x1b2 ./Drivers/STM32F4xx_HAL_Driver/stm32f4xx_hal_rcc_ex.o
 .debug_abbrev  0x000013c2      0x1ea ./Drivers/STM32F4xx_HAL_Driver/stm32f4xx_hal_rtc.o
 .debug_abbrev  0x000015ac      0x276 ./Drivers/STM32F4xx_HAL_Driver/stm32f4xx_hal_spi.o

.debug_aranges  0x00000000      0x840
 .debug_aranges
                0x00000000       0x50 ./Application/User/Core/main.o
 .debug_aranges
                0x00000050       0x50 ./Application/User/Core/stm32f4xx_hal_msp.o
 .debug_aranges
                0x000000a0       0x60 ./Application/User/Core/stm32f4xx_it.o
 .debug_aranges
                0x00000100       0x28 ./Application/User/Startup/startup_stm32f411ceux.o
 .debug_aranges
                0x00000128       0x28 ./Drivers/CMSIS/system_stm32f4xx.o
 .debug_aranges
                0x00000150       0xf0 ./Drivers/STM32F4xx_HAL_Driver/stm32f4xx_hal.o
 .debug_aranges
                0x00000240       0xe8 ./Drivers/STM32F4xx_HAL_Driver/stm32f4xx_hal_adc.o
 .debug_aranges
                0x00000328      0x130 ./Drivers/STM32F4xx_HAL_Driver/stm32f4xx_hal_cortex.o
 .debug_aranges
                0x00000458       0x58 ./Drivers/STM32F4xx_HAL_Driver/stm32f4xx_hal_gpio.o
 .debug_aranges
                0x000004b0       0x88 ./Drivers/STM32F4xx_HAL_Driver/stm32f4xx_hal_rcc.o
 .debug_aranges
                0x00000538       0x50 ./Drivers/STM32F4xx_HAL_Driver/stm32f4xx_hal_rcc_ex.o
 .debug_aranges
                0x00000588       0xe8 ./Drivers/STM32F4xx_HAL_Driver/stm32f4xx_hal_rtc.o
 .debug_aranges
                0x00000670      0x1d0 ./Drivers/STM32F4xx_HAL_Driver/stm32f4xx_hal_spi.o

.debug_rnglists
                0x00000000      0x632
 .debug_rnglists
                0x00000000       0x3b ./Application/User/Core/main.o
 .debug_rnglists
                0x0000003b       0x39 ./Application/User/Core/stm32f4xx_hal_msp.o
 .debug_rnglists
                0x00000074       0x43 ./Application/User/Core/stm32f4xx_it.o
 .debug_rnglists
                0x000000b7       0x19 ./Application/User/Startup/startup_stm32f411ceux.o
 .debug_rnglists
                0x000000d0       0x1a ./Drivers/CMSIS/system_stm32f4xx.o
 .debug_rnglists
                0x000000ea       0xaf ./Drivers/STM32F4xx_HAL_Driver/stm32f4xx_hal.o
 .debug_rnglists
                0x00000199       0xb5 ./Drivers/STM32F4xx_HAL_Driver/stm32f4xx_hal_adc.o
 .debug_rnglists
                0x0000024e       0xe0 ./Drivers/STM32F4xx_HAL_Driver/stm32f4xx_hal_cortex.o
 .debug_rnglists
                0x0000032e       0x3f ./Drivers/STM32F4xx_HAL_Driver/stm32f4xx_hal_gpio.o
 .debug_rnglists
                0x0000036d       0x66 ./Drivers/STM32F4xx_HAL_Driver/stm32f4xx_hal_rcc.o
 .debug_rnglists
                0x000003d3       0x3c ./Drivers/STM32F4xx_HAL_Driver/stm32f4xx_hal_rcc_ex.o
 .debug_rnglists
                0x0000040f       0xb4 ./Drivers/STM32F4xx_HAL_Driver/stm32f4xx_hal_rtc.o
 .debug_rnglists
                0x000004c3      0x16f ./Drivers/STM32F4xx_HAL_Driver/stm32f4xx_hal_spi.o

.debug_macro    0x00000000    0x168b3
 .debug_macro   0x00000000      0x20a ./Application/User/Core/main.o
 .debug_macro   0x0000020a      0xad8 ./Application/User/Core/main.o
 .debug_macro   0x00000ce2      0x2a1 ./Application/User/Core/main.o
 .debug_macro   0x00000f83       0x2e ./Application/User/Core/main.o
 .debug_macro   0x00000fb1       0x28 ./Application/User/Core/main.o
 .debug_macro   0x00000fd9       0x22 ./Application/User/Core/main.o
 .debug_macro   0x00000ffb       0x8e ./Application/User/Core/main.o
 .debug_macro   0x00001089       0x51 ./Application/User/Core/main.o
 .debug_macro   0x000010da      0x103 ./Application/User/Core/main.o
 .debug_macro   0x000011dd       0x6a ./Application/User/Core/main.o
 .debug_macro   0x00001247      0x1df ./Application/User/Core/main.o
 .debug_macro   0x00001426       0x1c ./Application/User/Core/main.o
 .debug_macro   0x00001442       0x22 ./Application/User/Core/main.o
 .debug_macro   0x00001464       0xfb ./Application/User/Core/main.o
 .debug_macro   0x0000155f     0x1011 ./Application/User/Core/main.o
 .debug_macro   0x00002570      0x11f ./Application/User/Core/main.o
 .debug_macro   0x0000268f     0xb968 ./Application/User/Core/main.o
 .debug_macro   0x0000dff7       0x6d ./Application/User/Core/main.o
 .debug_macro   0x0000e064     0x3693 ./Application/User/Core/main.o
 .debug_macro   0x000116f7      0x190 ./Application/User/Core/main.o
 .debug_macro   0x00011887       0x5c ./Application/User/Core/main.o
 .debug_macro   0x000118e3      0x45c ./Application/User/Core/main.o
 .debug_macro   0x00011d3f      0x9e9 ./Application/User/Core/main.o
 .debug_macro   0x00012728      0x115 ./Application/User/Core/main.o
 .debug_macro   0x0001283d      0x11b ./Application/User/Core/main.o
 .debug_macro   0x00012958       0xa5 ./Application/User/Core/main.o
 .debug_macro   0x000129fd      0x15f ./Application/User/Core/main.o
 .debug_macro   0x00012b5c      0x287 ./Application/User/Core/main.o
 .debug_macro   0x00012de3       0x5f ./Application/User/Core/main.o
 .debug_macro   0x00012e42      0x236 ./Application/User/Core/main.o
 .debug_macro   0x00013078      0x9e1 ./Application/User/Core/main.o
 .debug_macro   0x00013a59      0x38b ./Application/User/Core/main.o
 .debug_macro   0x00013de4      0x17d ./Application/User/Core/main.o
 .debug_macro   0x00013f61       0xf9 ./Application/User/Core/main.o
 .debug_macro   0x0001405a      0x132 ./Application/User/Core/main.o
 .debug_macro   0x0001418c      0x264 ./Application/User/Core/main.o
 .debug_macro   0x000143f0       0x2e ./Application/User/Core/main.o
 .debug_macro   0x0001441e      0x127 ./Application/User/Core/main.o
 .debug_macro   0x00014545       0x85 ./Application/User/Core/main.o
 .debug_macro   0x000145ca       0x89 ./Application/User/Core/main.o
 .debug_macro   0x00014653      0x305 ./Application/User/Core/main.o
 .debug_macro   0x00014958      0x429 ./Application/User/Core/main.o
 .debug_macro   0x00014d81       0xeb ./Application/User/Core/main.o
 .debug_macro   0x00014e6c      0x225 ./Application/User/Core/main.o
 .debug_macro   0x00015091      0x126 ./Application/User/Core/main.o
 .debug_macro   0x000151b7       0x70 ./Application/User/Core/main.o
 .debug_macro   0x00015227      0x20a ./Application/User/Core/stm32f4xx_hal_msp.o
 .debug_macro   0x00015431      0x214 ./Application/User/Core/stm32f4xx_it.o
 .debug_macro   0x00015645      0x1fb ./Drivers/CMSIS/system_stm32f4xx.o
 .debug_macro   0x00015840      0x25b ./Drivers/STM32F4xx_HAL_Driver/stm32f4xx_hal.o
 .debug_macro   0x00015a9b      0x1fc ./Drivers/STM32F4xx_HAL_Driver/stm32f4xx_hal_adc.o
 .debug_macro   0x00015c97      0x1fb ./Drivers/STM32F4xx_HAL_Driver/stm32f4xx_hal_cortex.o
 .debug_macro   0x00015e92      0x201 ./Drivers/STM32F4xx_HAL_Driver/stm32f4xx_hal_gpio.o
 .debug_macro   0x00016093      0x21f ./Drivers/STM32F4xx_HAL_Driver/stm32f4xx_hal_rcc.o
 .debug_macro   0x000162b2      0x1fb ./Drivers/STM32F4xx_HAL_Driver/stm32f4xx_hal_rcc_ex.o
 .debug_macro   0x000164ad      0x1fc ./Drivers/STM32F4xx_HAL_Driver/stm32f4xx_hal_rtc.o
 .debug_macro   0x000166a9      0x20a ./Drivers/STM32F4xx_HAL_Driver/stm32f4xx_hal_spi.o

.debug_line     0x00000000     0x9bdb
 .debug_line    0x00000000      0x8f0 ./Application/User/Core/main.o
 .debug_line    0x000008f0      0x813 ./Application/User/Core/stm32f4xx_hal_msp.o
 .debug_line    0x00001103      0x7de ./Application/User/Core/stm32f4xx_it.o
 .debug_line    0x000018e1       0x7a ./Application/User/Startup/startup_stm32f411ceux.o
 .debug_line    0x0000195b      0x7a5 ./Drivers/CMSIS/system_stm32f4xx.o
 .debug_line    0x00002100      0xa24 ./Drivers/STM32F4xx_HAL_Driver/stm32f4xx_hal.o
 .debug_line    0x00002b24     0x1178 ./Drivers/STM32F4xx_HAL_Driver/stm32f4xx_hal_adc.o
 .debug_line    0x00003c9c      0xcf1 ./Drivers/STM32F4xx_HAL_Driver/stm32f4xx_hal_cortex.o
 .debug_line    0x0000498d      0xb3a ./Drivers/STM32F4xx_HAL_Driver/stm32f4xx_hal_gpio.o
 .debug_line    0x000054c7      0xe2e ./Drivers/STM32F4xx_HAL_Driver/stm32f4xx_hal_rcc.o
 .debug_line    0x000062f5      0xad8 ./Drivers/STM32F4xx_HAL_Driver/stm32f4xx_hal_rcc_ex.o
 .debug_line    0x00006dcd     0x1152 ./Drivers/STM32F4xx_HAL_Driver/stm32f4xx_hal_rtc.o
 .debug_line    0x00007f1f     0x1cbc ./Drivers/STM32F4xx_HAL_Driver/stm32f4xx_hal_spi.o

.debug_str      0x00000000    0x93329
 .debug_str     0x00000000    0x93329 ./Application/User/Core/main.o
                              0x91534 (size before relaxing)
 .debug_str     0x00093329    0x9135b ./Application/User/Core/stm32f4xx_hal_msp.o
 .debug_str     0x00093329    0x90945 ./Application/User/Core/stm32f4xx_it.o
 .debug_str     0x00093329       0x85 ./Application/User/Startup/startup_stm32f411ceux.o
 .debug_str     0x00093329    0x908ac ./Drivers/CMSIS/system_stm32f4xx.o
 .debug_str     0x00093329    0x912d8 ./Drivers/STM32F4xx_HAL_Driver/stm32f4xx_hal.o
 .debug_str     0x00093329    0x90e87 ./Drivers/STM32F4xx_HAL_Driver/stm32f4xx_hal_adc.o
 .debug_str     0x00093329    0x91042 ./Drivers/STM32F4xx_HAL_Driver/stm32f4xx_hal_cortex.o
 .debug_str     0x00093329    0x90a27 ./Drivers/STM32F4xx_HAL_Driver/stm32f4xx_hal_gpio.o
 .debug_str     0x00093329    0x90ce0 ./Drivers/STM32F4xx_HAL_Driver/stm32f4xx_hal_rcc.o
 .debug_str     0x00093329    0x90a34 ./Drivers/STM32F4xx_HAL_Driver/stm32f4xx_hal_rcc_ex.o
 .debug_str     0x00093329    0x90d09 ./Drivers/STM32F4xx_HAL_Driver/stm32f4xx_hal_rtc.o
 .debug_str     0x00093329    0x91158 ./Drivers/STM32F4xx_HAL_Driver/stm32f4xx_hal_spi.o

.comment        0x00000000       0x43
 .comment       0x00000000       0x43 ./Application/User/Core/main.o
                                 0x44 (size before relaxing)
 .comment       0x00000043       0x44 ./Application/User/Core/stm32f4xx_hal_msp.o
 .comment       0x00000043       0x44 ./Application/User/Core/stm32f4xx_it.o
 .comment       0x00000043       0x44 ./Drivers/CMSIS/system_stm32f4xx.o
 .comment       0x00000043       0x44 ./Drivers/STM32F4xx_HAL_Driver/stm32f4xx_hal.o
 .comment       0x00000043       0x44 ./Drivers/STM32F4xx_HAL_Driver/stm32f4xx_hal_adc.o
 .comment       0x00000043       0x44 ./Drivers/STM32F4xx_HAL_Driver/stm32f4xx_hal_cortex.o
 .comment       0x00000043       0x44 ./Drivers/STM32F4xx_HAL_Driver/stm32f4xx_hal_gpio.o
 .comment       0x00000043       0x44 ./Drivers/STM32F4xx_HAL_Driver/stm32f4xx_hal_rcc.o
 .comment       0x00000043       0x44 ./Drivers/STM32F4xx_HAL_Driver/stm32f4xx_hal_rcc_ex.o
 .comment       0x00000043       0x44 ./Drivers/STM32F4xx_HAL_Driver/stm32f4xx_hal_rtc.o
 .comment       0x00000043       0x44 ./Drivers/STM32F4xx_HAL_Driver/stm32f4xx_hal_spi.o

.debug_frame    0x00000000     0x1f3c
 .debug_frame   0x00000000       0xf0 ./Application/User/Core/main.o
 .debug_frame   0x000000f0      0x10c ./Application/User/Core/stm32f4xx_hal_msp.o
 .debug_frame   0x000001fc       0xf8 ./Application/User/Core/stm32f4xx_it.o
 .debug_frame   0x000002f4       0x50 ./Drivers/CMSIS/system_stm32f4xx.o
 .debug_frame   0x00000344      0x31c ./Drivers/STM32F4xx_HAL_Driver/stm32f4xx_hal.o
 .debug_frame   0x00000660      0x3bc ./Drivers/STM32F4xx_HAL_Driver/stm32f4xx_hal_adc.o
 .debug_frame   0x00000a1c      0x4b8 ./Drivers/STM32F4xx_HAL_Driver/stm32f4xx_hal_cortex.o
 .debug_frame   0x00000ed4      0x130 ./Drivers/STM32F4xx_HAL_Driver/stm32f4xx_hal_gpio.o
 .debug_frame   0x00001004      0x1d8 ./Drivers/STM32F4xx_HAL_Driver/stm32f4xx_hal_rcc.o
 .debug_frame   0x000011dc      0x10c ./Drivers/STM32F4xx_HAL_Driver/stm32f4xx_hal_rcc_ex.o
 .debug_frame   0x000012e8      0x3c8 ./Drivers/STM32F4xx_HAL_Driver/stm32f4xx_hal_rtc.o
 .debug_frame   0x000016b0      0x7e0 ./Drivers/STM32F4xx_HAL_Driver/stm32f4xx_hal_spi.o
 .debug_frame   0x00001e90       0x20 /home/fontana/st/stm32cubeide_2.1.0_2/plugins/com.st.stm32cube.ide.mcu.externaltools.gnu-tools-for-stm32.14.3.rel1.linux64_1.0.100.202602081740/tools/bin/../lib/gcc/arm-none-eabi/14.3.1/../../../../arm-none-eabi/lib/thumb/v7e-m+fp/hard/libc_nano.a(libc_a-memset.o)
 .debug_frame   0x00001eb0       0x2c /home/fontana/st/stm32cubeide_2.1.0_2/plugins/com.st.stm32cube.ide.mcu.externaltools.gnu-tools-for-stm32.14.3.rel1.linux64_1.0.100.202602081740/tools/bin/../lib/gcc/arm-none-eabi/14.3.1/../../../../arm-none-eabi/lib/thumb/v7e-m+fp/hard/libc_nano.a(libc_a-init.o)
 .debug_frame   0x00001edc       0x2c /home/fontana/st/stm32cubeide_2.1.0_2/plugins/com.st.stm32cube.ide.mcu.externaltools.gnu-tools-for-stm32.14.3.rel1.linux64_1.0.100.202602081740/tools/bin/../lib/gcc/arm-none-eabi/14.3.1/thumb/v7e-m+fp/hard/libgcc.a(_aeabi_uldivmod.o)
 .debug_frame   0x00001f08       0x34 /home/fontana/st/stm32cubeide_2.1.0_2/plugins/com.st.stm32cube.ide.mcu.externaltools.gnu-tools-for-stm32.14.3.rel1.linux64_1.0.100.202602081740/tools/bin/../lib/gcc/arm-none-eabi/14.3.1/thumb/v7e-m+fp/hard/libgcc.a(_udivmoddi4.o)

.debug_line_str
                0x00000000       0x69
 .debug_line_str
                0x00000000       0x69 ./Application/User/Startup/startup_stm32f411ceux.o
