../Core/Src/lcd.c:78:6:LCD_WR_REG	16	static
../Core/Src/lcd.c:93:6:LCD_WR_DATA	16	static
../Core/Src/lcd.c:109:6:LCD_WriteReg	16	static
../Core/Src/lcd.c:122:6:LCD_WriteRAM_Prepare	8	static
../Core/Src/lcd.c:134:6:Lcd_WriteData_16Bit	24	static
../Core/Src/lcd.c:153:6:LCD_DrawPoint	16	static
../Core/Src/lcd.c:166:6:LCD_Clear	24	static
../Core/Src/lcd.c:189:6:LCD_GPIOInit	4	static
../Core/Src/lcd.c:201:6:LCD_RESET	8	static
../Core/Src/lcd.c:216:6:LCD_Init	8	static
../Core/Src/lcd.c:329:6:LCD_SetWindows	24	static
../Core/Src/lcd.c:354:6:LCD_SetCursor	16	static
../Core/Src/lcd.c:369:6:LCD_direction	16	static
