/home/fontana/dev/ufba/lab-2/arca/Core/Src/stm32f4xx_hal_msp.c:62:6:HAL_MspInit	8	static
/home/fontana/dev/ufba/lab-2/arca/Core/Src/stm32f4xx_hal_msp.c:85:6:HAL_ADC_MspInit	40	static
/home/fontana/dev/ufba/lab-2/arca/Core/Src/stm32f4xx_hal_msp.c:119:6:HAL_ADC_MspDeInit	0	static
/home/fontana/dev/ufba/lab-2/arca/Core/Src/stm32f4xx_hal_msp.c:147:6:HAL_RTC_MspInit	32	static
/home/fontana/dev/ufba/lab-2/arca/Core/Src/stm32f4xx_hal_msp.c:181:6:HAL_RTC_MspDeInit	0	static
/home/fontana/dev/ufba/lab-2/arca/Core/Src/stm32f4xx_hal_msp.c:203:6:HAL_SPI_MspInit	40	static
/home/fontana/dev/ufba/lab-2/arca/Core/Src/stm32f4xx_hal_msp.c:241:6:HAL_SPI_MspDeInit	0	static
