/home/fontana/dev/ufba/lab-2/arca/Core/Src/main.c:72:5:main	8	static
/home/fontana/dev/ufba/lab-2/arca/Core/Src/main.c:122:6:SystemClock_Config	88	static
/home/fontana/dev/ufba/lab-2/arca/Core/Src/main.c:170:13:MX_ADC1_Init	24	static
/home/fontana/dev/ufba/lab-2/arca/Core/Src/main.c:222:13:MX_RTC_Init	32	static
/home/fontana/dev/ufba/lab-2/arca/Core/Src/main.c:285:13:MX_SPI1_Init	8	static
/home/fontana/dev/ufba/lab-2/arca/Core/Src/main.c:323:13:MX_GPIO_Init	40	static
/home/fontana/dev/ufba/lab-2/arca/Core/Src/main.c:358:6:Error_Handler	4	static,ignoring_inline_asm
